Reusing configuration cache.
> Task :processClientResources UP-TO-DATE
> Task :processIncludeJars UP-TO-DATE
> Task :processResources UP-TO-DATE
> Task :validateAccessWidener NO-SOURCE
> Task :check UP-TO-DATE
> Task :sourcesJar UP-TO-DATE
> Task :compileJava UP-TO-DATE
> Task :classes UP-TO-DATE
> Task :javadoc UP-TO-DATE
> Task :javadocJar UP-TO-DATE
> Task :remapSourcesJar UP-TO-DATE

> Task :compileClientJava FAILED
./gradlew : C:\Users\Rasmu\Documents\Projects\Minecraft\Mods\mam\src\client\java\dk\mosberg\client\renderer\entity\FireElementalR
enderer.java:18: error: wrong number of type arguments; required 3
At line:1 char:1
+ ./gradlew build -x test > build_output.txt 2>&1; Write-Host "Build co ...
+ ~~~~~~~~~~~~~~~~~~~~~~~~~~~~~~~~~~~~~~~~~~~~~~~
    + CategoryInfo          : NotSpecified: (C:\Users\Rasmu\...nts; required 3:String) [], RemoteException
    + FullyQualifiedErrorId : NativeCommandError
 
public class FireElementalRenderer extends MobEntityRenderer<FireElementalEntity, ZombieEntityModel<FireElementalEntity>> {
                                                            ^
C:\Users\Rasmu\Documents\Projects\Minecraft\Mods\mam\src\client\java\dk\mosberg\client\MAMClient.java:34: warning: [deprecation] 
EntityRendererRegistry in net.fabricmc.fabric.api.client.rendering.v1 has been deprecated
		EntityRendererRegistry.register(ModEntities.SPELL_PROJECTILE, SpellProjectileRenderer::new);
		^
C:\Users\Rasmu\Documents\Projects\Minecraft\Mods\mam\src\client\java\dk\mosberg\client\MAMClient.java:35: warning: [deprecation] 
EntityRendererRegistry in net.fabricmc.fabric.api.client.rendering.v1 has been deprecated
		EntityRendererRegistry.register(ModEntities.FIRE_ELEMENTAL, FireElementalRenderer::new);
		^
C:\Users\Rasmu\Documents\Projects\Minecraft\Mods\mam\src\client\java\dk\mosberg\client\MAMClient.java:35: error: method register 
in class EntityRendererRegistry cannot be applied to given types;
		EntityRendererRegistry.register(ModEntities.FIRE_ELEMENTAL, FireElementalRenderer::new);
		                      ^
  required: EntityType<? extends E>,EntityRendererFactory<E>
  found:    EntityType<FireElementalEntity>,FireElemen[...]::new
  reason: cannot infer type-variable(s) E
    (argument mismatch; bad return type in method reference
      FireElementalRenderer cannot be converted to EntityRenderer<E,?>)
  where E is a type-variable:
    E extends Entity declared in method <E>register(EntityType<? extends E>,EntityRendererFactory<E>)
C:\Users\Rasmu\Documents\Projects\Minecraft\Mods\mam\src\client\java\dk\mosberg\client\MAMClient.java:44: warning: [deprecation] 
HudRenderCallback in net.fabricmc.fabric.api.client.rendering.v1 has been deprecated
		HudRenderCallback.EVENT.register(callback);
		^
C:\Users\Rasmu\Documents\Projects\Minecraft\Mods\mam\src\client\java\dk\mosberg\client\renderer\entity\FireElementalRenderer.java
:25: error: method does not override or implement a method from a supertype
    @Override
    ^
3 errors
3 warnings

[Incubating] Problems report is available at: file:///C:/Users/Rasmu/Documents/Projects/Minecraft/Mods/mam/build/reports/problems/problems-report.html

FAILURE: Build failed with an exception.

* What went wrong:
Execution failed for task ':compileClientJava'.
> Compilation failed; see the compiler output below.
  C:\Users\Rasmu\Documents\Projects\Minecraft\Mods\mam\src\client\java\dk\mosberg\client\MAMClient.java:35: error: method registe
r in class EntityRendererRegistry cannot be applied to given types;
  		EntityRendererRegistry.register(ModEntities.FIRE_ELEMENTAL, FireElementalRenderer::new);
  		                      ^
    required: EntityType<? extends E>,EntityRendererFactory<E>
    found:    EntityType<FireElementalEntity>,FireElemen[...]::new
    reason: cannot infer type-variable(s) E
      (argument mismatch; bad return type in method reference
        FireElementalRenderer cannot be converted to EntityRenderer<E,?>)
    where E is a type-variable:
      E extends Entity declared in method <E>register(EntityType<? extends E>,EntityRendererFactory<E>)
  C:\Users\Rasmu\Documents\Projects\Minecraft\Mods\mam\src\client\java\dk\mosberg\client\MAMClient.java:34: warning: [deprecation
] EntityRendererRegistry in net.fabricmc.fabric.api.client.rendering.v1 has been deprecated
  		EntityRendererRegistry.register(ModEntities.SPELL_PROJECTILE, SpellProjectileRenderer::new);
  		^
  C:\Users\Rasmu\Documents\Projects\Minecraft\Mods\mam\src\client\java\dk\mosberg\client\MAMClient.java:35: warning: [deprecation
] EntityRendererRegistry in net.fabricmc.fabric.api.client.rendering.v1 has been deprecated
  		EntityRendererRegistry.register(ModEntities.FIRE_ELEMENTAL, FireElementalRenderer::new);
  		^
  C:\Users\Rasmu\Documents\Projects\Minecraft\Mods\mam\src\client\java\dk\mosberg\client\MAMClient.java:44: warning: [deprecation
] HudRenderCallback in net.fabricmc.fabric.api.client.rendering.v1 has been deprecated
  		HudRenderCallback.EVENT.register(callback);
  		^
  C:\Users\Rasmu\Documents\Projects\Minecraft\Mods\mam\src\client\java\dk\mosberg\client\renderer\entity\FireElementalRenderer.ja
va:18: error: wrong number of type arguments; required 3
  public class FireElementalRenderer extends MobEntityRenderer<FireElementalEntity, ZombieEntityModel<FireElementalEntity>> {
                                                              ^
  C:\Users\Rasmu\Documents\Projects\Minecraft\Mods\mam\src\client\java\dk\mosberg\client\renderer\entity\FireElementalRenderer.ja
va:25: error: method does not override or implement a method from a supertype
      @Override
      ^
  3 errors
  3 warnings

* Try:
> Check your code and dependencies to fix the compilation error(s)
> Run with --scan to generate a Build Scan (powered by Develocity).

BUILD FAILED in 3s
9 actionable tasks: 1 executed, 8 up-to-date
Configuration cache entry reused.
